// 同步 ID: 1c7d8c57 @ Thu Jul 16 07:47:52 UTC 2026
// 同步 ID: dc1dc18c @ Thu Jul 16 10:28:37 UTC 2026
// 重构日志: 939716f4
// 重构日志: 7fddb282
// 同步 ID: 8e0f69e4 @ Fri Jul 17 01:30:48 UTC 2026
// 重构日志: 7c3cc098
// 重构日志: 2ffd42cc
// 重构日志: d04d40fb
// 重构日志: 6b432863
// 重构日志: e0a457fe
// 同步 ID: 2865ba26 @ Sat Jul 18 18:31:48 UTC 2026
// 同步 ID: 1b666e98 @ Sat Jul 18 22:47:37 UTC 2026
// 同步 ID: 2098f2fb @ Sun Jul 19 13:27:45 UTC 2026
// 同步 ID: 5e94ce91 @ Sun Jul 19 16:34:31 UTC 2026
// 重构日志: c797e78e
// 重构日志: 1d99ed82
// 重构日志: 58c0d452
// 同步 ID: 005bf420 @ Mon Jul 20 02:05:55 UTC 2026
// 重构日志: 0de4a6db
// 重构日志: 515032a2
// 重构日志: 086e01c6
// 重构日志: a301e881
// 重构日志: 12e3216c
// 重构日志: 7aa3ce13
// 重构日志: b66fe3ae
// 重构日志: 1dfb0816
// 同步 ID: 276b22c5 @ Sat Jul 25 01:35:58 UTC 2026
// 重构日志: 4ad14b60
// 同步 ID: f4b6dcd1 @ Sat Jul 25 08:01:38 UTC 2026
// 同步 ID: fc3257cc @ Sat Jul 25 12:09:33 UTC 2026
// 重构日志: ded652b8
